Xue, Xue, Xue, Xue, Xue, Xue, Xue, Xue, Xue, Xue, Xue, Xue, Xue, Xue, Xue, Xue, Xue, Xue, Xue, Xue, Xue, Xue, Xue, Xue, Xue, Xue, Xue, Xue, Xue, Xue, Xue
Xue, Xue, Xue, Xue, Xue, Xue, Xue, Xue, Xue, Xue, Xue, Xue, Xue, Xue, Xue, Xue, Xue, Xue, Xue, Xue, Xue, Xue, Xue, Xue, Xue, Xue, Xue, Xue, Xue, Xue, Xue
Xue, Xue, Xue, Xue, Xue, Xue, Xue, Xue, Xue, Xue, Xue, Xue, Xue, Xue, Xue, Xue, Xue, Xue, Xue, Xue, Xue, Xue, Uhe, Xue, Xue, Xue, Xue, Xue, Xue, Xue, Xue
Xue, Xue, Xue, Xue, Xue, Xue, Xue, Xue, Xue, Xue, Xue, Xue, Xue, Xue, Xue, Xue, Xu, Xu, Xue, Xue, Xue, Uhe, Uhe, Uhe, Xue, Xue, Xue, Xue, Xue, Xue, Xue
Xue, Xue, Xue, Xue, Xue, Xue, Xue, Xue, Xue, Xue, Xue, Xue, Xue, Xue, Xu, Xu, Xu, Xu, Uu, Xue, Cud, Uhe, Cud, Xue, Xue, Xue, Xue, Xue, Xue, Xue, Xue
Xue, Xue, Xue, Xue, Xue, Xue, Xue, Xue, Xu, Xue, Xu, Xu, Xu, Xu, Uu, Xu, Xu, Xu, Qlf, Uu, 1 Kud, Cud, Cud, Cud, Xue, Xue, Xue, Xue, Xue, Xue, Xue
Xue, Xue, Xue, Xue, Xue, Xue, Xue, Xu, Xu, Xu, Xu, Xu, Uu, Uu, Qlf, Uu, Uu, Qlf, Qlf, Uu, Uu, Cud, Uu, Cud, Uu, Xue, Xue, Xue, Xue, Xue, Xue
Xue, Xue, Xue, Xue, Xue, Xue, Xu, Xu, Xu, Xu, Xu, Uu, Qlf, Qlf, Ql, Ql, Ql, Ql, Uu, Uu, Urb, Uu, Uh, Uu, Xu, Xu, Xue, Xue, Xue, Xue, Xue
Xue, Xue, Xue, Xue, Xu, Xu, Xu, Xu, Xu, Uu, Tb, Uu, Xu, Ql, Uue, Uue, Ur, Ql, Uu^Edb, Uu, Urb, Qlf, Qlf, Uu, Xu, Xu, Uh, Xue, Xue, Xue, Xue
Xue, Xue, Xue, Xue, Xu, Xu, Xu, Xu, Uu, Uu, Qlf, Xu, Xu, Ur, Uue, Ql, Uu^Ii, Uu, Ql, Urb, Uue, Ql, Ql, Xu, Xu, Uh, Uu, Xue, Xue, Xue, Xue
Xue, Xue, Xue, Xue, Xu, Xu, Xu, Xu, Xu, Uu, Qlf, Xu, Ql, Urb, Ur^Es, Ql, Uu^Ii, Ql, Ql, Ql, Ql, Tb^Tf, Ql, Xu, Xu, Ur, Uu, Xue, Xue, Xue, Xue
Xue, Xue, Xue, Xu, Xu, Xu, Xu, Xue, Xu, Uu, Uu, Uu, Ql, Ql, Uu, Uu^Es, Urb^Es, Urb^Ii, Ql, Ql, Uue, Uue, Ur^Edb, Ql, Ur, Ur, Uu, Xue, Xue, Xue, Xue
Xue, Xue, Xue, Xue, Xue, Xu, Xue, Xue, Xue, Xue, Uu, Qlf, Ql, Uu, Uu, Urb^Es, Ql, Tb^Tfi, Tb^Tfi, Uue, Ql, Uh, Uh, Ur, Uue, Qlf, Uu, Xue, Xue, Xue, Xue
Xue, Xue, Xu, Xue, Xu, Xue, Xu, Xue, Uu, Xue, Uu, Qlf, Uu, Uu, Urb, Urb, Ql, Ql, Ql, Ql, Ql, Ql, Qlf, Qlf, Uue, Uu, Uue, Xu, Xue, Xue, Xue
Xu, Xu, Xu, Xu, Xu, Xu, Uu, Uu, Uu, Uu, Urb^Edt, Urb^Edt, Urb^Edt, Urb, Qlf, Qlf, Qlf, Ql, Xu, Xu, Uu, Qlf, Uu, Uu, Uue, Xue, Xue, Xu, Xue, Xue, Xue
Uu^Ii, Xu, Uu, Uu, Uu, Xu, Ce, Ce, Ce, Ur, Uu, Uu, Uu, Uu, Xue, Xue, Xue, Qlf, Xu, Xu, Uu, Uu, Xue, Uue, Xue, Xue, Xue, Xue, Xue, Xue, Xue
Uu^Ii, Uu^Ii, Uu, Uu, Ur, Ce, Ce, 2 Ke, Ce, Ur, Ur, Xue, Xue, Xue, Xue, Xue, Xue, Xue, Xue, Xu, Xue, Xue, Xue, Xue, Xue, Xue, Xue, Xue, Xue, Xue, Xue
Xu, Ur^Ii, Xu, Ur, Xue, Xue, Xue, Xue, Xue, Xu, Xue, Xue, Xue, Xue, Xue, Xue, Xue, Xue, Xue, Xue, Xue, Xue, Xue, Xue, Xue, Xue, Xue, Xue, Xue, Xue, Xue
Xue, Xu, Xue, Xue, Xue, Xue, Xue, Xue, Xue, Xue, Xue, Xue, Xue, Xue, Xue, Xue, Xue, Xue, Xue, Xue, Xue, Xue, Xue, Xue, Xue, Xue, Xue, Xue, Xue, Xue, Xue
Xue, Xue, Xue, Xue, Xue, Xue, Xue, Xue, Xue, Xue, Xue, Xue, Xue, Xue, Xue, Xue, Xue, Xue, Xue, Xue, Xue, Xue, Xue, Xue, Xue, Xue, Xue, Xue, Xue, Xue, Xue
Xue, Xue, Xue, Xue, Xue, Xue, Xue, Xue, Xue, Xue, Xue, Xue, Xue, Xue, Xue, Xue, Xue, Xue, Xue, Xue, Xue, Xue, Xue, Xue, Xue, Xue, Xue, Xue, Xue, Xue, Xue
Xue, Xue, Xue, Xue, Xue, Xue, Xue, Xue, Xue, Xue, Xue, Xue, Xue, Xue, Xue, Xue, Xue, Xue, Xue, Xue, Xue, Xue, Xue, Xue, Xue, Xue, Xue, Xue, Xue, Xue, Xue
Xue, Xue, Xue, Xue, Xue, Xue, Xue, Xue, Xue, Xue, Xue, Xue, Xue, Xue, Xue, Xue, Xue, Xue, Xue, Xue, Xue, Xue, Xue, Xue, Xue, Xue, Xue, Xue, Xue, Xue, Xue
Xue, Xue, Xue, Xue, Xue, Xue, Xue, Xue, Xue, Xue, Xue, Xue, Xue, Xue, Xue, Xue, Xue, Xue, Xue, Xue, Xue, Xue, Xue, Xue, Xue, Xue, Xue, Xue, Xue, Xue, Xue
