Aa, Aa, Gg, Gg, Gg, Gg, Gg, Gs^Fp, Ww, Ww, Gs^Fp, Gg, Gg, Gg, Gg, Gg, Ss, Gs^Fp, Gg, Gg, Gs^Fp, Gs^Fp, Gs^Fp, Gs^Fp, Gs^Fp, Gs^Fp, Gs^Fp, Gs^Fp, Gs^Fp, Gs^Fp, Gs^Fp, Gg, Gg, Gg, Gg, Gg, Gg, Gg, Gg, Gg, Gg, Ds
Aa, Aa, Gg, Gg, Gg, Gg, Gs^Fp, Gs^Fp, Ww, Gg, Gg, Gs^Fp, Gg, Gg, Gg, Gg, Gg, Gll^Fmf, Gg, Gg, Gg, Gg, Gg, Gg, Gg, Gg, Gs^Fp, Gs^Fp, Gs^Fp, Gs^Fp, Gs^Fp, Gg, Ds, Ds, Gg, Gs^Fp, Gg, Gs^Fp, Gs^Fp, Gs^Fp, Ds, Ww
Ha, Ha, Aa, Aa, Ww, Gg, Ww, Ww, Gg, Gg, Gg, Gg, Gll^Fp, Gs^Fp, Gg, Gg, Gg, Gg^Fet, Gs^Fp, Gg, Gg, Gg, Ds, Gg, Gg^Vct, Gs^Fp, Gs^Fp, Gs^Fp, Gg, Gd^Fetd, Gs^Fp, Gg, Ds, Ds, Gg, Gg, Gs^Fp, Gs^Fp, Ds, Ds, Ww, Ww
Ha, Ai, Ai, Ww, Ww, Ww, Ww, Ww, Gg, Gs, Gs, Gs, Gg, Gs^Fp, Gll^Fmf, Gg, Gs^Fp, Gs^Fp, Gs^Fp, Gg, Gg, Ds, Ds^Esd, Gg^Vct, Ce, Ce, Ce, Re, Re, Gs^Fp, Gg, Gg, Ds, Ds, Gg, Gg, Gg, Ds^Ewsh, Ds, Ww, Wo, Wo
Aa, Ha, Aa, Ww, Ww, Ww^Ewl, Ww, Gg, Gs, Gs, Gs, Gg, Gg, Gg, Gs^Fp, Gll^Fmf, Gll^Fmf, Gs^Fp, Gg, Gg, Gg, Ds, Ds, Ds, Ce, 1 Ket, Ce, Gs^Vct, Gs^Fp, Re, Re, Gg, Ds^Ewsh, Ds, Ds, Ds, Ds^Ewsh, Ds, Ww, Ww, Wo, Wo
Mm, Mm, Mm, Ww, Ww, Ww, Gg, Gg, Gg^Efm, Gs, Gg^Efm, Gg, Gll^Fmf, Gd^Fetd, Gs^Fp, Gs^Fp, Gs^Fp, Gg, Gg, Gg, Gg, Ds, Ds^Esd, Ce, Ce, Ce, Gs^Fp, Ss, Ss, Gs^Fp, Gg, Re, Re, Ww, Ww, Wwr, Ww, Ww, Ww, Ww, Wo, Wo
Mm, Mm, Ww, Ww, Ww, Ww, Gg, Hh, Gs^Fp, Gg^Efm, Gg^Efm, Gs^Fp, Gs^Fp, Gll^Fmf, Gs^Fp, Gg, Gg, Gg, Gg, Gg, Gg, Gg, Rp, Rp, Ds, Gs^Fp, Ss, Gs^Fp, Ss, Gs^Fp, Ds, Ds, Wwr, Ww^Bw\, Ww, Ww, Ww, Ww, Ww, Ww, Ww, Wo
Mm, Mm, Mm, Ww, Ww, Ww, Hh, Ww, Hh, Gg^Efm, Gg^Efm, Gg, Gs^Fp, Gs^Fp, Gg, Gg, Gg, Gs, Gs, Gs, Gs, Rr, Gg, Ds^Esd, Ds, Ds, Ds, Ds, Ds, Ds^Esd, Ds, Wwr, Wwr, Ww, Ww, Ww, Ww, Ww, Ww, Ww, Ww, Ww
Mm, Mm, Mm, Ww, Ww, Ww, Ww, Ww, Ww, Ww, Gg, Gg, Gs^Fp, Gg, Gg, Gg, Gs, Gs, Gg, Gs, Gg, Rp, Gs^Fp, Ds, Ds, Ds^Esd, Ds, Ds, Ds, Ds, Ds, Ds^Ewsh, Ww, Ww, Wwr, Ww, Wwr, Ww, Ww, Ww, Ww, Ds
Hh, Mm, Hh, Hh, Ww, Hh, Ww, Ww, Ww, Ww, Ds, Gg, Gs^Fp, Gg, Gg, Gg, Gs, Gs, Gg, Gg, Rp, Rp, Gs^Fp, Gs^Fp, Ss, Ss, Ss, Ss, Gs^Fp, Gs^Fp, Gg, Gg, Ds, Wwr, Ds, Ds, Ds^Ewsh, Ds, Ds, Ds, Ds, Ds
Gg, Gll^Fmf, Gs^Fp, Gs^Fp, Ww, Ww, Ww, Ww^Ewl, Ww, Ww, Gg, Gg, Gs^Fp, Gg, Gg, Gg, Gs, Gg, Gg, Gg, Rp, Gg, Gs^Fp, Gg, Gs^Fp, Gg^Emf, Gs^Fp, Gs^Fp, Gg^Em, Gg^Em, Gs^Fp, Gg, Ds, Ds^Ewsh, Ds, Gg, Gg, Gs^Fp, Gs^Fp, Gg^Fet, Ds, Gs^Fp
Gg, Gll^Fmf, Gs^Fp, Gs^Fp, Gg^Ve, Ww^Bw/, Ww, Ww^Ewf, Ww, Ww, Gg, Gg, Gs^Fp, Gg, Gg^Em, Gg^Em, Gg^Em, Gg, Rr, Rr, Gg, Gs^Fp, Gs^Fp, Gs^Fp, Gs^Fp, Gs^Fp, Gs^Fp, Gg, Gg^Em, Gg, Gg, Gg, Gg, Gs^Fp, Gg, Gg, Gg, Gg, Gg, Gg, Gg, Gs^Fp
Gg, Gg, Rr, Rr, Gg, Aa, Ww, Ww, Ww, Gg, Gs^Fp, Gs^Fp, Gg, Gg, Gg, Gg^Em, Gg, Gg, Rr, Gs^Fp, Gs^Fp, Gs^Fp, Hh, Gs^Fp, Gs^Fp, Gs^Fp, Gg, Gg, Gg, Gg^Em, Gg, Gg, Gs^Fp, Gg^Efm, Gg^Efm, Gg, Aa, Aa, Gg, Gg, Gg, Gg
Rr, Rr, Gg, Gg, Gg, Aa, Aa, Ww, Gs, Gg, Gg, Gg, Gs, Ds, Ds, Gg, Gg^Ve, Gg, Rr, Gs^Fp, Gs^Fp, Hh, Hh, Hh, Gg, Gg, Gg, Hh, Ww, Gg, Ww, Gg^Ve, Gg, Gg^Efm, Gg^Efm, Gg, Aa, Aa, Gg, Gg, Gg, Gg
Rr, Gg, Aa, Aa, Aa, Aa, Ww, Ww, Gg, Gg, Gg, Ds, Ww^Ewf, Ww, Ds, Gg, Rr, Rr, Gg, Gs^Fp, Hh, Hh, Hh, Gg, Gg, Hh, Mm, Ww, Ww, Ww, Ww, Hh, Gg, Gg^Efm, Gg, Aa, Aa, Aa, Aa, Gg, Gg, Gg
Rr, Aa, Aa, Aa, Aa, Aa, Ww, Ww, Gg, Gg, Ww, Ww, Ww, Ww, Ww, Ds, Rr, Gg, Gs^Fp, Gll^Fmf, Gs^Fp, Gs^Fp, Gs^Fp, Gg, Gg^Ve, Ww, Ww, Ww, Ww^Ewl, Ww, Ww, Ww, Gg, Gg, Gg, Aa, Aa, Aa, Gg, Gg, Gs^Fp, Gs^Fp
Rr, Aa, Aa, Aa, Aa, Aa, Ww, Ww, Ww, Ww, Ds, Ds, Ds, Ds, Rr, Rr, Gg, Gg, Gs^Fp, Gs^Fp, Gs^Fp, Gs^Fp, Gs^Fp, Gs^Fp, Gs^Fp, Ww, Ww, Ww, Ww, Ww, Ww, Ww, Gg^Efm, Gg^Efm, Gg^Efm, Gg^Efm, Aa, Aa, Ww, Gg, Ww, Ww
Rr, Aa, Aa, Aa, Aa, Aa, Gg, Gg, Gs^Fp, Gs^Fp, Ds, Ds, Gs^Fp, Rr, Gs^Fp, Gs^Fp, Gg, Gg, Gs^Fp, Gs^Fp, Gg^Fet, Gs^Fp, Gs^Fp, Gs^Fp, Gs^Fp, Ww, Ww, Ww, Ww, Ww, Ww, Gg, Gg^Efm, Gg^Efm, Gg^Efm, Gg^Efm, Aa, Ai, Aa, Ww, Ww, Ww
Rr, Aa, Aa, Gg, Rr, Gg, Gg, Gs^Fp, Gs^Fp, Gs^Fp, Gs^Fp, Gs^Fp, Gs^Fp, Rr, Gs^Fp, Gs^Fp, Gs^Fp, Gg, Gs^Fp, Gs^Fp, Gs^Fp, Gs^Fp, Gll^Fmf, Gs^Fp, Ww, Ww, Ww, Ww^Ewl, Ww, Ww, Gg^Efm, Gg, Gg^Efm, Gg^Efm, Gg^Efm, Gg^Efm, Ww, Ai, Aa, Gg, Gg, Gs^Fp
Gg, Rr, Rr, Rr, Gg, Rr, Rr, Gg^Ve, Gs^Fp, Gll^Fmf, Gs^Fp, Gd^Fetd, Gs^Fp, Rr, Gs^Fp, Gg^Fet, Gs^Fp, Gll^Fmf, Gs^Fp, Gs^Fp, Gs^Fp, Gs^Fp, Gs^Fp, Gs^Fp, Gg, Ww, Ww, Ww, Ww, Gg, Gg, Gg^Efm, Gg, Gg, Ww, Ww, Ww, Aa, Aa, Gg, Gg, Gg
Gg, Ds, Ds, Ds, Gg, Gg, Rr, Gs^Fp, Gs^Fp, Gg, Gg, Gg, Rr, Rr, Gs^Fp, Gs^Fp, Gs^Fp, Gs^Fp, Gs^Fp, Gs^Fp, Gs^Fp, Gd^Fetd, Gs^Fp, Gs^Fp, Ww, Ww, Ww, Ww^Ewf, Ww, Gg, Gg, Gg^Efm, Ww, Ww, Aa, Ai, Aa, Gg, Aa, Aa, Aa, Gg
Ww, Ww, Ww, Ds, Gg, Gg, Gg, Rr, Rr, Gg, Aa^Fda, Aa, Rr, Gg, Gs^Fp, Gg^Ve, Gg, Gg, Gs^Fp, Gs^Fp, Gs^Fp, Gs^Fp, Gs^Fp, Gg, Ww, Gs, Gll^Feth, Gg, Gg, Gs^Fp, Aa, Aa, Aa, Ww, Ww, Aa, Ha, Ha, Ha, Ha, Aa, Aa
Ww, Ww, Ww, Ww, Ds, Ds, Ds, Gg, Rr, Aa^Fda, Aa^Fda, Aa, Rr, Gg, Gg, Gs^Fp, Gg, Gg^Emf, Gs^Fp, Gll^Fmf, Gs^Fp, Gs^Fp, Gs^Fp, Gg, Ww, Gs, Gg, Gs, Aa, Aa, Cva, Cva, Cva, Ww, Ha, Ha, Ha, Ms, Ms, Ha, Ha, Gg
Ww, Ww, Ww^Ewl, Ww, Ww, Ww, Ds, Ds, Rra, Aa^Fda, Aa, Gg, Rr, Gg, Gg, Gg, Gg, Gs^Fp, Gs^Fp, Gs^Fp, Gs^Fp, Gs^Fp, Gs^Fp, Ww, Ww, Gg, Gg, Gg, Aa, Aa^Vea, Cva, 3 Kva, Cva, Ww, Ha, Ww, Ww, Ms, Ms, Ms, Aa^Fpa, Gg
Ww, Ww, Ww, Ww, Ww^Ewf, Ds, Ds, Gg, Gg, Rra, Rr, Rr, Gg, Gg, Gg, Gg^Es, Gg, Gg, Gll^Fmf, Gs^Fp, Gs^Fp, Gs^Fp, Gg, Gg^Ve, Ww, Gg, Gg^Es, Gg, Aa, Cva, Cva, Cva, Aa, Ww, Ww, Ww, Ww, Ww, Ms, Ms, Aa^Fpa, Aa^Fpa
Ww, Ww, Ww, Ww, Ds, Gg, Gg, Gg, Gg, Gg, Rr, Cv, Cv, Cv, Gs^Fp, Gg, Gg, Gg, Gs^Fp, Gg^Emf, Gs^Fp, Gs^Fp, Gg, Gg, Gg, Ww, Ww, Gg^Es, Rra, Rra, Aa, Aa, Ha, Ai, Ai, Ww, Ww, Ww, Ww, Ha, Ha, Aa^Fpa
Ww, Ww^Ewl, Ww, Ww, Ds, Gg, Gg, Gg, Gg^Es, Gg, Rr, Cv, 2 Kv, Cv, Gg, Gg, Gg, Gs^Fp, Gs^Fp, Gg, Gll^Fmf, Gs^Fp, Gg, Gg, Gg, Ww, Gg, Rr, Aa, Aa, Aa^Feta, Aa, Ha, Ha, Ai, Ww, Ww, Ww, Aa^Fpa, Aa^Fpa, Aa^Fpa, Aa^Fpa
Ds, Ww, Ww, Ww, Ds, Gg, Gg, Gg^Es, Gg, Gg, Cv, Cv, Cv, Rr, Rr, Rr, Rr, Rr, Rr, Gs^Fp, Gg, Gs^Fp, Gg, Gg, Rr, Ww, Gg, Rr, Aa, Aa^Vea, Aa, Aa, Ha, Ms, Ai, Ww, Ms, Ai, Aa^Fpa, Aa^Fpa, Aa^Fpa, Aa^Fpa
Gs^Fp, Ds, Ww, Ww, Ds, Gg, Gg^Ve, Gg, Gg, Gg, Gg, Gg, Gg, Gs, Gs, Gg^Em, Gg^Em, Aa^Fpa, Aa^Fpa, Rr, Rr, Gs^Fp, Rr, Rr, Ww, Ww^Bsb\, Rr, Rr, Rra, Aa, Ha, Ha, Ms, Ms, Ms, Ms, Ha, Aa^Fpa, Aa^Fpa, Aa^Fpa, Aa^Fpa, Aa^Fpa
Gg, Ds, Gg, Ds, Gg, Gg, Gg, Gg, Gg, Gg^Es, Gg, Gg, Gs, Gs, Gs, Gg^Em, Gg^Em, Aa^Fpa, Aa^Fpa, Gll^Fmf, Gs^Fp, Rr, Gg, Gg, Ww, Ww, Gg^Em, Aa, Aa, Rra, Rra, Ha, Ha, Ha, Ha, Ha, Rra, Aa^Fpa, Aa^Fpa, Aa^Fpa, Rra, Rra
Gs, Gs, Gs, Gs, Gs, Gs, Gs, Gg, Gg, Gg^Es, Gg, Gg, Gs, Gs, Gs, Gg, Gg^Em, Aa^Fpa, Gs^Fp, Gg^Fet, Gs^Fp, Gs^Fp, Gg, Gg^Ve, Ww, Wo, Gg, Aa, Aa, Aa, Aa, Rra, Rra, Aa^Fma, Rra, Rra, Aa^Fpa, Rra, Rra, Rra, Aa^Fpa, Aa^Fpa
Gs, Gs, Gs, Gs, Gs, Gs, Gs, Gg, Gg, Gg, Gg, Gg, Gg, Gg, Gg, Gg, Gg, Aa^Fpa, Gg, Gg, Gg, Gg, Gg, Ds, Ds, Wo, Ww, Gg, Aa, Aa, Aa, Aa, Aa, Rra, Aa, Aa, Aa^Fpa, Aa^Fpa, Aa^Fpa, Aa^Fpa, Aa^Fpa, Aa^Fpa
